// Jest Snapshot v1, https://goo.gl/fbAQLP

exports[`should render dashboard with filters and list 1`] = `
<div>
  <p>
    This is from my dashboard component
  </p>
  <Connect(ExpenseListFilters) />
  <Connect(ExpenseList) />
</div>
`;
